// Jest Snapshot v1, https://goo.gl/fbAQLP

exports[`SignUpEmailScreen snapshot matches snapshot 1`] = `
<RCTSafeAreaView
  style={
    {
      "backgroundColor": "#FBF3E7",
      "flex": 1,
    }
  }
>
  <View
    onLayout={[Function]}
    style={
      [
        {
          "flex": 1,
        },
        {
          "paddingBottom": 0,
        },
      ]
    }
  >
    <RCTScrollView
      contentContainerStyle={
        {
          "flexGrow": 1,
          "padding": 20,
          "paddingTop": 12,
        }
      }
      keyboardShouldPersistTaps="handled"
    >
      <View>
        <View
          accessibilityState={
            {
              "busy": undefined,
              "checked": undefined,
              "disabled": undefined,
              "expanded": undefined,
              "selected": undefined,
            }
          }
          accessibilityValue={
            {
              "max": undefined,
              "min": undefined,
              "now": undefined,
              "text": undefined,
            }
          }
          accessible={true}
          collapsable={false}
          focusable={true}
          onClick={[Function]}
          onResponderGrant={[Function]}
          onResponderMove={[Function]}
          onResponderRelease={[Function]}
          onResponderTerminate={[Function]}
          onResponderTerminationRequest={[Function]}
          onStartShouldSetResponder={[Function]}
          style={
            {
              "alignSelf": "flex-start",
              "marginBottom": 16,
              "opacity": 1,
              "paddingRight": 16,
              "paddingVertical": 8,
            }
          }
        >
          <Text
            style={
              {
                "color": "#8C2C37",
                "fontSize": 16,
                "fontWeight": "500",
              }
            }
          >
            ← Back
          </Text>
        </View>
        <View
          style={
            {
              "alignSelf": "center",
              "maxWidth": 400,
              "width": "100%",
            }
          }
        >
          <Text
            style={
              {
                "color": "#392218",
                "fontSize": 26,
                "fontWeight": "bold",
                "marginBottom": 12,
                "textAlign": "center",
              }
            }
          >
            Sign Up with Email
          </Text>
          <Text
            style={
              {
                "color": "#594136",
                "fontSize": 15,
                "lineHeight": 22,
                "marginBottom": 28,
                "textAlign": "center",
              }
            }
          >
            Enter your name and email to receive a 6-digit code to verify your identity. You’ll use this code on the next screen to complete sign-up.
          </Text>
          <TextInput
            autoCapitalize="words"
            autoComplete="name"
            editable={true}
            onChangeText={[Function]}
            placeholder="First and last name"
            placeholderTextColor="#594136"
            style={
              [
                {
                  "backgroundColor": "#F3E6D2",
                  "borderColor": "#9C8980",
                  "borderRadius": 12,
                  "borderWidth": 1,
                  "color": "#392218",
                  "fontSize": 16,
                  "marginBottom": 8,
                  "padding": 16,
                  "width": "100%",
                },
                null,
              ]
            }
            value=""
          />
          <TextInput
            autoCapitalize="none"
            autoComplete="email"
            editable={true}
            keyboardType="email-address"
            onChangeText={[Function]}
            placeholder="name@example.com"
            placeholderTextColor="#594136"
            style={
              [
                {
                  "backgroundColor": "#F3E6D2",
                  "borderColor": "#9C8980",
                  "borderRadius": 12,
                  "borderWidth": 1,
                  "color": "#392218",
                  "fontSize": 16,
                  "marginBottom": 8,
                  "padding": 16,
                  "width": "100%",
                },
                null,
              ]
            }
            value=""
          />
          <View
            accessibilityState={
              {
                "busy": undefined,
                "checked": undefined,
                "disabled": false,
                "expanded": undefined,
                "selected": undefined,
              }
            }
            accessibilityValue={
              {
                "max": undefined,
                "min": undefined,
                "now": undefined,
                "text": undefined,
              }
            }
            accessible={true}
            collapsable={false}
            focusable={true}
            onClick={[Function]}
            onResponderGrant={[Function]}
            onResponderMove={[Function]}
            onResponderRelease={[Function]}
            onResponderTerminate={[Function]}
            onResponderTerminationRequest={[Function]}
            onStartShouldSetResponder={[Function]}
            style={
              {
                "alignItems": "center",
                "backgroundColor": "#8C2C37",
                "borderRadius": 12,
                "justifyContent": "center",
                "marginTop": 8,
                "minHeight": 56,
                "opacity": 1,
                "paddingVertical": 16,
                "width": "100%",
              }
            }
          >
            <Text
              style={
                {
                  "color": "#FBF3E7",
                  "fontSize": 16,
                  "fontWeight": "600",
                }
              }
            >
              Continue
            </Text>
          </View>
        </View>
      </View>
    </RCTScrollView>
  </View>
</RCTSafeAreaView>
`;
